// Jest Snapshot v1, https://goo.gl/fbAQLP

exports[`Header renders correctly 1`] = `
<div
  style={
    Object {
      "background": "#efefef",
      "marginBottom": "1.45rem",
    }
  }
>
  <div
    style={
      Object {
        "margin": "0 auto",
        "maxWidth": 960,
        "padding": "1.45rem 1.0875rem",
      }
    }
  >
    <h1
      style={
        Object {
          "margin": 0,
        }
      }
    >
      <a
        href="/"
        style={
          Object {
            "color": "black",
            "textDecoration": "none",
          }
        }
      >
        Default Starter
      </a>
    </h1>
    <div
      className="navigation"
    >
      <ul>
        <li>
          <a
            href="/morning"
          >
            Morning
          </a>
        </li>
        <li>
          <a
            href="/evening"
          >
            Evening
          </a>
        </li>
        <li>
          <a
            href="/compline"
          >
            Night
          </a>
        </li>
        <li>
          <a
            href="/about"
          >
            What's this all about?
          </a>
        </li>
      </ul>
    </div>
  </div>
</div>
`;
